LINE ADDR CONTENTS SOURCE LINE
  1.              	.EQU 	KBD_CNTL, $000
  2.              	.EQU 	KBD_STAT, $000
  3.              	.EQU 	KBD_DATA, $001
  4.              	.EQU 	KBD_FLUSH, $40
  5.              	.EQU 	TIM_CNTL, $030
  6.              	.EQU 	TIM_STAT, $030
  7.              	.EQU 	TIM_VALUE, $031
  8.              	.EQU 	TIM_COUNT, $034
  9.              
 10.              	.EQU SCORE, $100	; $100-$10A supporting 11 digits?
 11.              	.EQU LEVEL, $124	; $124-$125 supporting up to thousands
 12.              	.EQU CRT_END, $313
 13.              	.EQU CRT_CNTL, $316
 14.              	.EQU CRT_ROWS, $0E	; Number of rows in CRT
 15.              	.EQU CRT_COLS, $26	; Number of columns per row
 16.                        	.EQU CLEAR_DISPLAY, $01
 17.              	.EQU BELL, $06
 18.              
 19.              	.EQU 	INTERRUPT_ENA, $80
 20.              	.EQU 	RESET_READY_BIT, $40
 21.              	.EQU 	START_AFTER_LOAD, $10
 22.              	.EQU 	ENABLE_RESET_AND_START, $D0
 23.              	.EQU 	ENABLE_AND_RESET, $C0
 24.              
 25.              	; Game Related .EQUs
 26.              	.EQU	GROUND, $5F	; ASCII for "_"
 27.              
 28.  000 020E00  MAIN:	LDS# $E00
 29.  001 FFFFFF  	HLT
 30.              
 31.              ; void display()
 32.              
 33.              ; void startGame()
 34.              
 35.              ; void play()
 36.              
 37.              
 38.              
 39.              
 40.              
 41.              ; /\
 42.              ;|--|
 43.              
 44.              ; ^
 45.              ;|-|

                     SYMBOL TABLE CONTENTS

000006 = BELL            000001 = CLEAR_DISPLAY   000316 = CRT_CNTL        
000026 = CRT_COLS        000313 = CRT_END         00000E = CRT_ROWS        
0000C0 = ENABLE_AND_RESET0000D0 = ENABLE_RESET_AND_START00005F = GROUND          
000080 = INTERRUPT_ENA   000000 = KBD_CNTL        000001 = KBD_DATA        
000040 = KBD_FLUSH       000000 = KBD_STAT        000124 = LEVEL           
000000 = MAIN            000040 = RESET_READY_BIT 000100 = SCORE           
000010 = START_AFTER_LOAD000030 = TIM_CNTL        000034 = TIM_COUNT       
000030 = TIM_STAT        000031 = TIM_VALUE       